..F.F...FF.....                                                          [100%]
================================== FAILURES ===================================
_________ test_build_market_analysis_bias_short_reduz_long_exposicao __________

    def test_build_market_analysis_bias_short_reduz_long_exposicao() -> None:
        positions = [
            _make_position(
                symbol="BTCUSDT",
                side="SHORT",
                quantity=-1.0,
                leverage=8,
                entry_price=1700.0,
                mark_price=1650.0,
                unrealized_pnl_usdt=100.0,
                margin_used_usdt=300.0,
                updated_at=datetime(2026, 5, 1, 12, 30, tzinfo=UTC),
            ),
            _make_position(
                symbol="ETHUSDT",
                side="LONG",
                quantity=0.3,
                leverage=10,
                entry_price=1800.0,
                mark_price=1815.0,
                unrealized_pnl_usdt=50.0,
                margin_used_usdt=540.0,
                updated_at=datetime(2026, 5, 1, 12, 31, tzinfo=UTC),
            ),
        ]
    
        analysis = build_market_analysis(positions)
    
>       assert analysis.bias.direction == "SHORT"
E       AssertionError: assert 'LONG' == 'SHORT'
E         - SHORT
E         + LONG

tests\dashboard\test_analysis.py:101: AssertionError
_______________ test_get_positions_retorna_snapshot_json_valido _______________

monkeypatch = <_pytest.monkeypatch.MonkeyPatch object at 0x000002104008CD90>

    def test_get_positions_retorna_snapshot_json_valido(monkeypatch) -> None:
        """GET /positions deve devolver posiþ§es e resumo agregados."""
        _patch_lifespan(monkeypatch)
    
        with TestClient(api_main.create_app()) as client:
            client.app.state.position_stream = _FakeStream(
                positions=[
                    _make_position(
                        symbol="BTCUSDT",
                        updated_at=datetime(2026, 5, 1, 12, 30, tzinfo=UTC),
                    )
                ],
                status="online",
            )
    
>           response = client.get("/positions")

tests\dashboard\test_api.py:129: 
_ _ _ _ _ _ _ _ _ _ _ _ _ _ _ _ _ _ _ _ _ _ _ _ _ _ _ _ _ _ _ _ _ _ _ _ _ _ _ _
C:\Users\Usuario\AppData\Local\Programs\Python\Python311\Lib\site-packages\starlette\testclient.py:473: in get
    return super().get(
C:\Users\Usuario\AppData\Local\Programs\Python\Python311\Lib\site-packages\httpx\_client.py:1041: in get
    return self.request(
C:\Users\Usuario\AppData\Local\Programs\Python\Python311\Lib\site-packages\starlette\testclient.py:445: in request
    return super().request(
C:\Users\Usuario\AppData\Local\Programs\Python\Python311\Lib\site-packages\httpx\_client.py:814: in request
    return self.send(request, auth=auth, follow_redirects=follow_redirects)
C:\Users\Usuario\AppData\Local\Programs\Python\Python311\Lib\site-packages\httpx\_client.py:901: in send
    response = self._send_handling_auth(
C:\Users\Usuario\AppData\Local\Programs\Python\Python311\Lib\site-packages\httpx\_client.py:929: in _send_handling_auth
    response = self._send_handling_redirects(
C:\Users\Usuario\AppData\Local\Programs\Python\Python311\Lib\site-packages\httpx\_client.py:966: in _send_handling_redirects
    response = self._send_single_request(request)
C:\Users\Usuario\AppData\Local\Programs\Python\Python311\Lib\site-packages\httpx\_client.py:1002: in _send_single_request
    response = transport.handle_request(request)
C:\Users\Usuario\AppData\Local\Programs\Python\Python311\Lib\site-packages\starlette\testclient.py:348: in handle_request
    raise exc
C:\Users\Usuario\AppData\Local\Programs\Python\Python311\Lib\site-packages\starlette\testclient.py:345: in handle_request
    portal.call(self.app, scope, receive, send)
C:\Users\Usuario\AppData\Local\Programs\Python\Python311\Lib\site-packages\anyio\from_thread.py:277: in call
    return cast(T_Retval, self.start_task_soon(func, *args).result())
C:\Users\Usuario\AppData\Local\Programs\Python\Python311\Lib\concurrent\futures\_base.py:456: in result
    return self.__get_result()
C:\Users\Usuario\AppData\Local\Programs\Python\Python311\Lib\concurrent\futures\_base.py:401: in __get_result
    raise self._exception
C:\Users\Usuario\AppData\Local\Programs\Python\Python311\Lib\site-packages\anyio\from_thread.py:217: in _call_func
    retval = await retval
C:\Users\Usuario\AppData\Local\Programs\Python\Python311\Lib\site-packages\fastapi\applications.py:1159: in __call__
    await super().__call__(scope, receive, send)
C:\Users\Usuario\AppData\Local\Programs\Python\Python311\Lib\site-packages\starlette\applications.py:90: in __call__
    await self.middleware_stack(scope, receive, send)
C:\Users\Usuario\AppData\Local\Programs\Python\Python311\Lib\site-packages\starlette\middleware\errors.py:186: in __call__
    raise exc
C:\Users\Usuario\AppData\Local\Programs\Python\Python311\Lib\site-packages\starlette\middleware\errors.py:164: in __call__
    await self.app(scope, receive, _send)
C:\Users\Usuario\AppData\Local\Programs\Python\Python311\Lib\site-packages\starlette\middleware\exceptions.py:63: in __call__
    await wrap_app_handling_exceptions(self.app, conn)(scope, receive, send)
C:\Users\Usuario\AppData\Local\Programs\Python\Python311\Lib\site-packages\starlette\_exception_handler.py:53: in wrapped_app
    raise exc
C:\Users\Usuario\AppData\Local\Programs\Python\Python311\Lib\site-packages\starlette\_exception_handler.py:42: in wrapped_app
    await app(scope, receive, sender)
C:\Users\Usuario\AppData\Local\Programs\Python\Python311\Lib\site-packages\fastapi\middleware\asyncexitstack.py:18: in __call__
    await self.app(scope, receive, send)
C:\Users\Usuario\AppData\Local\Programs\Python\Python311\Lib\site-packages\starlette\routing.py:660: in __call__
    await self.middleware_stack(scope, receive, send)
C:\Users\Usuario\AppData\Local\Programs\Python\Python311\Lib\site-packages\starlette\routing.py:680: in app
    await route.handle(scope, receive, send)
C:\Users\Usuario\AppData\Local\Programs\Python\Python311\Lib\site-packages\starlette\routing.py:276: in handle
    await self.app(scope, receive, send)
C:\Users\Usuario\AppData\Local\Programs\Python\Python311\Lib\site-packages\fastapi\routing.py:134: in app
    await wrap_app_handling_exceptions(app, request)(scope, receive, send)
C:\Users\Usuario\AppData\Local\Programs\Python\Python311\Lib\site-packages\starlette\_exception_handler.py:53: in wrapped_app
    raise exc
C:\Users\Usuario\AppData\Local\Programs\Python\Python311\Lib\site-packages\starlette\_exception_handler.py:42: in wrapped_app
    await app(scope, receive, sender)
C:\Users\Usuario\AppData\Local\Programs\Python\Python311\Lib\site-packages\fastapi\routing.py:120: in app
    response = await f(request)
C:\Users\Usuario\AppData\Local\Programs\Python\Python311\Lib\site-packages\fastapi\routing.py:674: in app
    raw_response = await run_endpoint_function(
C:\Users\Usuario\AppData\Local\Programs\Python\Python311\Lib\site-packages\fastapi\routing.py:328: in run_endpoint_function
    return await dependant.call(**values)
src\api\routes\positions.py:169: in get_positions
    return JSONResponse(content=_build_snapshot(stream))
src\api\routes\positions.py:98: in _build_snapshot
    market_analysis = build_market_analysis(positions)
src\dashboard\analysis.py:40: in build_market_analysis
    long_exposure, short_exposure = _compute_exposure_by_side(positions)
_ _ _ _ _ _ _ _ _ _ _ _ _ _ _ _ _ _ _ _ _ _ _ _ _ _ _ _ _ _ _ _ _ _ _ _ _ _ _ _

positions = [namespace(symbol='BTCUSDT', side='LONG', quantity=0.5, leverage=10, entry_price=95000.0, mark_price=96000.0, unrealiz...sdt=2400.0, liquidation_price=87000.0, updated_at=datetime.datetime(2026, 5, 1, 12, 30, tzinfo=datetime.timezone.utc))]

    def _compute_exposure_by_side(positions: list[PositionView]) -> tuple[float, float]:
        long_exposure = 0.0
        short_exposure = 0.0
        for position in positions:
>           exposure = position.position_size_usdt
E           AttributeError: 'types.SimpleNamespace' object has no attribute 'position_size_usdt'

src\dashboard\analysis.py:92: AttributeError
_________ test_get_positions_retorna_snapshot_com_fallback_de_calculo _________

monkeypatch = <_pytest.monkeypatch.MonkeyPatch object at 0x00000210415BA350>

    def test_get_positions_retorna_snapshot_com_fallback_de_calculo(monkeypatch) -> None:
        """GET /positions deve aceitar position_size_usdt indefinido e aplicar fallback."""
        _patch_lifespan(monkeypatch)
    
        valid_position = _make_position(
            symbol="BTCUSDT",
            updated_at=datetime(2026, 5, 1, 12, 30, tzinfo=UTC),
        )
        valid_position.position_size_usdt = None
    
        invalid_position = _make_position(
            symbol="ETHUSDT",
            updated_at=datetime(2026, 5, 1, 12, 31, tzinfo=UTC),
        )
        invalid_position.leverage = 0
        invalid_position.position_size_usdt = None
    
        with TestClient(api_main.create_app()) as client:
            client.app.state.position_stream = _FakeStream(
                positions=[valid_position, invalid_position],
                status="online",
            )
    
            response = client.get("/positions")
    
        assert response.status_code == 200
        payload = response.json()
    
        assert payload["summary"]["total_exposure_usdt"] == pytest.approx(24000.0)
        assert payload["summary"]["total_margin_used_usdt"] == pytest.approx(4800.0)
        assert payload["summary"]["total_unrealized_pnl_usdt"] == pytest.approx(500.0)
        assert payload["positions"][0]["position_size_usdt"] == pytest.approx(24000.0)
        assert payload["positions"][1]["position_size_usdt"] is None
        assert payload["positions"][1]["roi_adjusted_pct"] is None
>       assert payload["analysis"]["bias"]["direction"] == "LONG"
E       AssertionError: assert 'NEUTRAL' == 'LONG'
E         - LONG
E         + NEUTRAL

tests\dashboard\test_api.py:250: AssertionError
_______________ test_websocket_positions_emite_snapshot_inicial _______________

self = <starlette.testclient.WebSocketTestSession object at 0x00000210400FED90>

    def __enter__(self) -> WebSocketTestSession:
        with contextlib.ExitStack() as stack:
            self.portal = portal = stack.enter_context(self.portal_factory())
            fut, cs = portal.start_task(self._run)
            stack.callback(fut.result)
            stack.callback(portal.call, cs.cancel)
            self.send({"type": "websocket.connect"})
>           message = self.receive()

C:\Users\Usuario\AppData\Local\Programs\Python\Python311\Lib\site-packages\starlette\testclient.py:114: 
_ _ _ _ _ _ _ _ _ _ _ _ _ _ _ _ _ _ _ _ _ _ _ _ _ _ _ _ _ _ _ _ _ _ _ _ _ _ _ _
C:\Users\Usuario\AppData\Local\Programs\Python\Python311\Lib\site-packages\starlette\testclient.py:177: in receive
    return self.portal.call(self._send_rx.receive)
C:\Users\Usuario\AppData\Local\Programs\Python\Python311\Lib\site-packages\anyio\from_thread.py:277: in call
    return cast(T_Retval, self.start_task_soon(func, *args).result())
C:\Users\Usuario\AppData\Local\Programs\Python\Python311\Lib\concurrent\futures\_base.py:456: in result
    return self.__get_result()
C:\Users\Usuario\AppData\Local\Programs\Python\Python311\Lib\concurrent\futures\_base.py:401: in __get_result
    raise self._exception
C:\Users\Usuario\AppData\Local\Programs\Python\Python311\Lib\site-packages\anyio\from_thread.py:217: in _call_func
    retval = await retval
C:\Users\Usuario\AppData\Local\Programs\Python\Python311\Lib\site-packages\anyio\streams\memory.py:98: in receive
    return self.receive_nowait()
_ _ _ _ _ _ _ _ _ _ _ _ _ _ _ _ _ _ _ _ _ _ _ _ _ _ _ _ _ _ _ _ _ _ _ _ _ _ _ _

self = MemoryObjectReceiveStream(_state=MemoryObjectStreamState(max_buffer_size=inf, buffer=deque([{'type': 'websocket.accept...end_channels=0, open_receive_channels=0, waiting_receivers=OrderedDict(), waiting_senders=OrderedDict()), _closed=True)

    def receive_nowait(self) -> T_co:
        """
        Receive the next item if it can be done without waiting.
    
        :return: the received item
        :raises ~anyio.ClosedResourceError: if this send stream has been closed
        :raises ~anyio.EndOfStream: if the buffer is empty and this stream has been
            closed from the sending end
        :raises ~anyio.WouldBlock: if there are no items in the buffer and no tasks
            waiting to send
    
        """
        if self._closed:
>           raise ClosedResourceError
E           anyio.ClosedResourceError

C:\Users\Usuario\AppData\Local\Programs\Python\Python311\Lib\site-packages\anyio\streams\memory.py:80: ClosedResourceError

During handling of the above exception, another exception occurred:

monkeypatch = <_pytest.monkeypatch.MonkeyPatch object at 0x00000210400FC250>

    def test_websocket_positions_emite_snapshot_inicial(monkeypatch) -> None:
        """WS /ws/positions deve enviar snapshot inicial ao conectar."""
        _patch_lifespan(monkeypatch)
    
        with TestClient(api_main.create_app()) as client:
            client.app.state.position_stream = _FakeStream(
                positions=[
                    _make_position(
                        symbol="BTCUSDT",
                        updated_at=datetime(2026, 5, 1, 12, 30, tzinfo=UTC),
                    )
                ],
                status="online",
            )
    
>           with client.websocket_connect("/ws/positions") as websocket:

tests\dashboard\test_api.py:269: 
_ _ _ _ _ _ _ _ _ _ _ _ _ _ _ _ _ _ _ _ _ _ _ _ _ _ _ _ _ _ _ _ _ _ _ _ _ _ _ _
C:\Users\Usuario\AppData\Local\Programs\Python\Python311\Lib\site-packages\starlette\testclient.py:108: in __enter__
    with contextlib.ExitStack() as stack:
C:\Users\Usuario\AppData\Local\Programs\Python\Python311\Lib\contextlib.py:601: in __exit__
    raise exc_details[1]
C:\Users\Usuario\AppData\Local\Programs\Python\Python311\Lib\contextlib.py:586: in __exit__
    if cb(*exc_details):
C:\Users\Usuario\AppData\Local\Programs\Python\Python311\Lib\contextlib.py:469: in _exit_wrapper
    callback(*args, **kwds)
C:\Users\Usuario\AppData\Local\Programs\Python\Python311\Lib\concurrent\futures\_base.py:449: in result
    return self.__get_result()
C:\Users\Usuario\AppData\Local\Programs\Python\Python311\Lib\concurrent\futures\_base.py:401: in __get_result
    raise self._exception
C:\Users\Usuario\AppData\Local\Programs\Python\Python311\Lib\site-packages\anyio\from_thread.py:217: in _call_func
    retval = await retval
C:\Users\Usuario\AppData\Local\Programs\Python\Python311\Lib\site-packages\starlette\testclient.py:137: in _run
    await self.app(self.scope, receive_rx.receive, send_tx.send)
C:\Users\Usuario\AppData\Local\Programs\Python\Python311\Lib\site-packages\fastapi\applications.py:1159: in __call__
    await super().__call__(scope, receive, send)
C:\Users\Usuario\AppData\Local\Programs\Python\Python311\Lib\site-packages\starlette\applications.py:90: in __call__
    await self.middleware_stack(scope, receive, send)
C:\Users\Usuario\AppData\Local\Programs\Python\Python311\Lib\site-packages\starlette\middleware\errors.py:151: in __call__
    await self.app(scope, receive, send)
C:\Users\Usuario\AppData\Local\Programs\Python\Python311\Lib\site-packages\starlette\middleware\exceptions.py:63: in __call__
    await wrap_app_handling_exceptions(self.app, conn)(scope, receive, send)
C:\Users\Usuario\AppData\Local\Programs\Python\Python311\Lib\site-packages\starlette\_exception_handler.py:53: in wrapped_app
    raise exc
C:\Users\Usuario\AppData\Local\Programs\Python\Python311\Lib\site-packages\starlette\_exception_handler.py:42: in wrapped_app
    await app(scope, receive, sender)
C:\Users\Usuario\AppData\Local\Programs\Python\Python311\Lib\site-packages\fastapi\middleware\asyncexitstack.py:18: in __call__
    await self.app(scope, receive, send)
C:\Users\Usuario\AppData\Local\Programs\Python\Python311\Lib\site-packages\starlette\routing.py:660: in __call__
    await self.middleware_stack(scope, receive, send)
C:\Users\Usuario\AppData\Local\Programs\Python\Python311\Lib\site-packages\starlette\routing.py:680: in app
    await route.handle(scope, receive, send)
C:\Users\Usuario\AppData\Local\Programs\Python\Python311\Lib\site-packages\starlette\routing.py:350: in handle
    await self.app(scope, receive, send)
C:\Users\Usuario\AppData\Local\Programs\Python\Python311\Lib\site-packages\fastapi\routing.py:160: in app
    await wrap_app_handling_exceptions(app, session)(scope, receive, send)
C:\Users\Usuario\AppData\Local\Programs\Python\Python311\Lib\site-packages\starlette\_exception_handler.py:53: in wrapped_app
    raise exc
C:\Users\Usuario\AppData\Local\Programs\Python\Python311\Lib\site-packages\starlette\_exception_handler.py:42: in wrapped_app
    await app(scope, receive, sender)
C:\Users\Usuario\AppData\Local\Programs\Python\Python311\Lib\site-packages\fastapi\routing.py:157: in app
    await func(session)
C:\Users\Usuario\AppData\Local\Programs\Python\Python311\Lib\site-packages\fastapi\routing.py:764: in app
    await dependant.call(**solved_result.values)
src\api\routes\positions.py:183: in websocket_positions
    await websocket.send_json(_build_snapshot(stream))
src\api\routes\positions.py:98: in _build_snapshot
    market_analysis = build_market_analysis(positions)
src\dashboard\analysis.py:40: in build_market_analysis
    long_exposure, short_exposure = _compute_exposure_by_side(positions)
_ _ _ _ _ _ _ _ _ _ _ _ _ _ _ _ _ _ _ _ _ _ _ _ _ _ _ _ _ _ _ _ _ _ _ _ _ _ _ _

positions = [namespace(symbol='BTCUSDT', side='LONG', quantity=0.5, leverage=10, entry_price=95000.0, mark_price=96000.0, unrealiz...sdt=2400.0, liquidation_price=87000.0, updated_at=datetime.datetime(2026, 5, 1, 12, 30, tzinfo=datetime.timezone.utc))]

    def _compute_exposure_by_side(positions: list[PositionView]) -> tuple[float, float]:
        long_exposure = 0.0
        short_exposure = 0.0
        for position in positions:
>           exposure = position.position_size_usdt
E           AttributeError: 'types.SimpleNamespace' object has no attribute 'position_size_usdt'

src\dashboard\analysis.py:92: AttributeError
=========================== short test summary info ===========================
FAILED tests/dashboard/test_analysis.py::test_build_market_analysis_bias_short_reduz_long_exposicao
FAILED tests/dashboard/test_api.py::test_get_positions_retorna_snapshot_json_valido
FAILED tests/dashboard/test_api.py::test_get_positions_retorna_snapshot_com_fallback_de_calculo
FAILED tests/dashboard/test_api.py::test_websocket_positions_emite_snapshot_inicial
4 failed, 11 passed in 9.41s
